0 verbose cli C:\Program Files\nodejs\node.exe C:\Program Files\nodejs\node_modules\npm\bin\npm-cli.js
1 info using npm@10.9.8
2 info using node@v22.22.3
3 silly config load:file:C:\Program Files\nodejs\node_modules\npm\npmrc
4 silly config load:file:C:\Users\uttam\CloudWent_Portfolio_UI\.npmrc
5 silly config load:file:C:\Users\uttam\.npmrc
6 silly config load:file:C:\Users\uttam\AppData\Roaming\npm\etc\npmrc
7 verbose title npm install @prisma/adapter-libsql @libsql/client
8 verbose argv "install" "@prisma/adapter-libsql" "@libsql/client" "--cache" ".\\.npm-cache"
9 verbose logfile logs-max:10 dir:C:\Users\uttam\CloudWent_Portfolio_UI\.npm-cache\_logs\2026-06-22T16_00_02_488Z-
10 verbose logfile C:\Users\uttam\CloudWent_Portfolio_UI\.npm-cache\_logs\2026-06-22T16_00_02_488Z-debug-0.log
11 silly logfile done cleaning log files
12 silly packumentCache heap:2197815296 maxSize:549453824 maxEntrySize:274726912
13 silly idealTree buildDeps
14 silly fetch manifest @prisma/adapter-libsql@*
15 silly packumentCache full:https://registry.npmjs.org/@prisma%2fadapter-libsql cache-miss
16 verbose shrinkwrap failed to load node_modules/.package-lock.json out of date, updated: node_modules
17 http fetch GET https://registry.npmjs.org/@prisma%2fadapter-libsql attempt 1 failed with EACCES
18 http fetch GET https://registry.npmjs.org/@prisma%2fadapter-libsql attempt 2 failed with EACCES
19 http fetch GET https://registry.npmjs.org/@prisma%2fadapter-libsql attempt 3 failed with EACCES
20 silly fetch manifest @libsql/client@*
21 silly packumentCache full:https://registry.npmjs.org/@libsql%2fclient cache-miss
22 http fetch GET https://registry.npmjs.org/@libsql%2fclient attempt 1 failed with EACCES
23 http fetch GET https://registry.npmjs.org/@libsql%2fclient attempt 2 failed with EACCES
24 http fetch GET https://registry.npmjs.org/@libsql%2fclient attempt 3 failed with EACCES
25 silly placeDep ROOT @libsql/client@ OK for: my-app@0.1.0 want: *
26 silly placeDep ROOT @prisma/adapter-libsql@ OK for: my-app@0.1.0 want: *
27 verbose type system
28 verbose stack FetchError: request to https://registry.npmjs.org/@libsql%2fclient failed, reason: 
28 verbose stack     at ClientRequest.<anonymous> (C:\Program Files\nodejs\node_modules\npm\node_modules\minipass-fetch\lib\index.js:130:14)
28 verbose stack     at ClientRequest.emit (node:events:519:28)
28 verbose stack     at emitErrorEvent (node:_http_client:108:11)
28 verbose stack     at _destroy (node:_http_client:967:9)
28 verbose stack     at onSocketNT (node:_http_client:987:5)
28 verbose stack     at process.processTicksAndRejections (node:internal/process/task_queues:90:21)
29 error code EACCES
30 error errno EACCES
31 error FetchError: request to https://registry.npmjs.org/@libsql%2fclient failed, reason: 
31 error     at ClientRequest.<anonymous> (C:\Program Files\nodejs\node_modules\npm\node_modules\minipass-fetch\lib\index.js:130:14)
31 error     at ClientRequest.emit (node:events:519:28)
31 error     at emitErrorEvent (node:_http_client:108:11)
31 error     at _destroy (node:_http_client:967:9)
31 error     at onSocketNT (node:_http_client:987:5)
31 error     at process.processTicksAndRejections (node:internal/process/task_queues:90:21) {
31 error   code: 'EACCES',
31 error   errno: 'EACCES',
31 error   type: 'system',
31 error   requiredBy: '.'
31 error }
32 error
32 error The operation was rejected by your operating system.
32 error It's possible that the file was already in use (by a text editor or antivirus),
32 error or that you lack permissions to access it.
32 error
32 error If you believe this might be a permissions issue, please double-check the
32 error permissions of the file and its containing directories, or try running
32 error the command again as root/Administrator.
33 silly unfinished npm timer reify 1782144003899
34 silly unfinished npm timer reify:loadTrees 1782144003902
35 verbose cwd C:\Users\uttam\CloudWent_Portfolio_UI
36 verbose os Windows_NT 10.0.26200
37 verbose node v22.22.3
38 verbose npm  v10.9.8
39 verbose exit 1
40 verbose code 1
41 error A complete log of this run can be found in: C:\Users\uttam\CloudWent_Portfolio_UI\.npm-cache\_logs\2026-06-22T16_00_02_488Z-debug-0.log
