0 verbose cli C:\Program Files\nodejs\node.exe C:\Program Files\nodejs\node_modules\npm\bin\npm-cli.js
1 info using npm@10.9.8
2 info using node@v22.22.3
3 silly config load:file:C:\Program Files\nodejs\node_modules\npm\npmrc
4 silly config load:file:C:\Users\uttam\CloudWent_Portfolio_UI\.npmrc
5 silly config load:file:C:\Users\uttam\.npmrc
6 silly config load:file:C:\Users\uttam\AppData\Roaming\npm\etc\npmrc
7 verbose title npm install @prisma/adapter-better-sqlite3 better-sqlite3
8 verbose argv "install" "@prisma/adapter-better-sqlite3" "better-sqlite3" "--cache" ".\\.npm-cache"
9 verbose logfile logs-max:10 dir:C:\Users\uttam\CloudWent_Portfolio_UI\.npm-cache\_logs\2026-06-22T11_38_47_475Z-
10 verbose logfile C:\Users\uttam\CloudWent_Portfolio_UI\.npm-cache\_logs\2026-06-22T11_38_47_475Z-debug-0.log
11 silly logfile done cleaning log files
12 silly packumentCache heap:2197815296 maxSize:549453824 maxEntrySize:274726912
13 silly idealTree buildDeps
14 silly fetch manifest @prisma/adapter-better-sqlite3@*
15 silly packumentCache full:https://registry.npmjs.org/@prisma%2fadapter-better-sqlite3 cache-miss
16 verbose shrinkwrap failed to load node_modules/.package-lock.json out of date, updated: node_modules
17 http fetch GET 200 https://registry.npmjs.org/npm 1848ms
18 http fetch GET 200 https://registry.npmjs.org/@prisma%2fadapter-better-sqlite3 1916ms (cache miss)
19 silly packumentCache full:https://registry.npmjs.org/@prisma%2fadapter-better-sqlite3 set size:undefined disposed:false
20 silly fetch manifest better-sqlite3@*
21 silly packumentCache full:https://registry.npmjs.org/better-sqlite3 cache-miss
22 http fetch GET 200 https://registry.npmjs.org/better-sqlite3 218ms (cache miss)
23 silly packumentCache full:https://registry.npmjs.org/better-sqlite3 set size:undefined disposed:false
24 silly placeDep ROOT @prisma/adapter-better-sqlite3@7.8.0 OK for: my-app@0.1.0 want: *
25 silly placeDep ROOT better-sqlite3@12.11.1 OK for: my-app@0.1.0 want: *
26 silly fetch manifest better-sqlite3@^12.6.0
27 silly packumentCache full:https://registry.npmjs.org/better-sqlite3 cache-miss
28 silly fetch manifest @prisma/driver-adapter-utils@7.8.0
29 silly packumentCache full:https://registry.npmjs.org/@prisma%2fdriver-adapter-utils cache-miss
30 silly fetch manifest bindings@^1.5.0
31 silly packumentCache full:https://registry.npmjs.org/bindings cache-miss
32 silly fetch manifest prebuild-install@^7.1.1
33 silly packumentCache full:https://registry.npmjs.org/prebuild-install cache-miss
34 http cache https://registry.npmjs.org/better-sqlite3 44ms (cache hit)
35 silly packumentCache full:https://registry.npmjs.org/better-sqlite3 set size:381995 disposed:false
36 http fetch GET 200 https://registry.npmjs.org/bindings 125ms (cache miss)
37 silly packumentCache full:https://registry.npmjs.org/bindings set size:undefined disposed:false
38 http fetch GET 200 https://registry.npmjs.org/@prisma%2fdriver-adapter-utils 723ms (cache miss)
39 silly packumentCache full:https://registry.npmjs.org/@prisma%2fdriver-adapter-utils set size:undefined disposed:false
40 http fetch GET 200 https://registry.npmjs.org/prebuild-install 1472ms (cache miss)
41 silly packumentCache full:https://registry.npmjs.org/prebuild-install set size:undefined disposed:false
42 silly placeDep ROOT @prisma/driver-adapter-utils@7.8.0 OK for: @prisma/adapter-better-sqlite3@7.8.0 want: 7.8.0
43 silly placeDep ROOT bindings@1.5.0 OK for: better-sqlite3@12.11.1 want: ^1.5.0
44 silly placeDep ROOT prebuild-install@7.1.3 OK for: better-sqlite3@12.11.1 want: ^7.1.1
45 silly fetch manifest file-uri-to-path@1.0.0
46 silly packumentCache full:https://registry.npmjs.org/file-uri-to-path cache-miss
47 silly fetch manifest rc@^1.2.7
48 silly packumentCache full:https://registry.npmjs.org/rc cache-miss
49 silly fetch manifest pump@^3.0.0
50 silly packumentCache full:https://registry.npmjs.org/pump cache-miss
51 silly fetch manifest tar-fs@^2.0.0
52 silly packumentCache full:https://registry.npmjs.org/tar-fs cache-miss
53 silly fetch manifest node-abi@^3.3.0
54 silly packumentCache full:https://registry.npmjs.org/node-abi cache-miss
55 silly fetch manifest simple-get@^4.0.0
56 silly packumentCache full:https://registry.npmjs.org/simple-get cache-miss
57 silly fetch manifest tunnel-agent@^0.6.0
58 silly packumentCache full:https://registry.npmjs.org/tunnel-agent cache-miss
59 silly fetch manifest mkdirp-classic@^0.5.3
60 silly packumentCache full:https://registry.npmjs.org/mkdirp-classic cache-miss
61 silly fetch manifest expand-template@^2.0.3
62 silly packumentCache full:https://registry.npmjs.org/expand-template cache-miss
63 silly fetch manifest napi-build-utils@^2.0.0
64 silly packumentCache full:https://registry.npmjs.org/napi-build-utils cache-miss
65 silly fetch manifest github-from-package@0.0.0
66 silly packumentCache full:https://registry.npmjs.org/github-from-package cache-miss
67 http fetch GET 200 https://registry.npmjs.org/file-uri-to-path 124ms (cache miss)
68 silly packumentCache full:https://registry.npmjs.org/file-uri-to-path set size:undefined disposed:false
69 http fetch GET 200 https://registry.npmjs.org/rc 157ms (cache miss)
70 silly packumentCache full:https://registry.npmjs.org/rc set size:undefined disposed:false
71 http fetch GET 200 https://registry.npmjs.org/pump 625ms (cache miss)
72 silly packumentCache full:https://registry.npmjs.org/pump set size:undefined disposed:false
73 http fetch GET 200 https://registry.npmjs.org/expand-template 632ms (cache miss)
74 silly packumentCache full:https://registry.npmjs.org/expand-template set size:undefined disposed:false
75 http fetch GET 200 https://registry.npmjs.org/simple-get 905ms (cache miss)
76 silly packumentCache full:https://registry.npmjs.org/simple-get set size:undefined disposed:false
77 http fetch GET 200 https://registry.npmjs.org/tar-fs 1109ms (cache miss)
78 silly packumentCache full:https://registry.npmjs.org/tar-fs set size:undefined disposed:false
79 http fetch GET 200 https://registry.npmjs.org/napi-build-utils 1179ms (cache miss)
80 silly packumentCache full:https://registry.npmjs.org/napi-build-utils set size:undefined disposed:false
81 http fetch GET 200 https://registry.npmjs.org/node-abi 1190ms (cache miss)
82 silly packumentCache full:https://registry.npmjs.org/node-abi set size:undefined disposed:false
83 http fetch GET 200 https://registry.npmjs.org/mkdirp-classic 1329ms (cache miss)
84 silly packumentCache full:https://registry.npmjs.org/mkdirp-classic set size:undefined disposed:false
85 http fetch GET 200 https://registry.npmjs.org/tunnel-agent 1354ms (cache miss)
86 silly packumentCache full:https://registry.npmjs.org/tunnel-agent set size:undefined disposed:false
87 http fetch GET 200 https://registry.npmjs.org/github-from-package 1355ms (cache miss)
88 silly packumentCache full:https://registry.npmjs.org/github-from-package set size:undefined disposed:false
89 silly placeDep ROOT file-uri-to-path@1.0.0 OK for: bindings@1.5.0 want: 1.0.0
90 silly placeDep ROOT expand-template@2.0.3 OK for: prebuild-install@7.1.3 want: ^2.0.3
91 silly placeDep ROOT github-from-package@0.0.0 OK for: prebuild-install@7.1.3 want: 0.0.0
92 silly placeDep ROOT mkdirp-classic@0.5.3 OK for: prebuild-install@7.1.3 want: ^0.5.3
93 silly placeDep ROOT napi-build-utils@2.0.0 OK for: prebuild-install@7.1.3 want: ^2.0.0
94 silly placeDep ROOT node-abi@3.92.0 OK for: prebuild-install@7.1.3 want: ^3.3.0
95 silly placeDep ROOT pump@3.0.4 OK for: prebuild-install@7.1.3 want: ^3.0.0
96 silly placeDep ROOT rc@1.2.8 OK for: prebuild-install@7.1.3 want: ^1.2.7
97 silly placeDep ROOT simple-get@4.0.1 OK for: prebuild-install@7.1.3 want: ^4.0.0
98 silly placeDep ROOT tar-fs@2.1.4 OK for: prebuild-install@7.1.3 want: ^2.0.0
99 silly placeDep ROOT tunnel-agent@0.6.0 OK for: prebuild-install@7.1.3 want: ^0.6.0
100 silly fetch manifest semver@^7.3.5
101 silly packumentCache full:https://registry.npmjs.org/semver cache-miss
102 silly fetch manifest end-of-stream@^1.1.0
103 silly packumentCache full:https://registry.npmjs.org/end-of-stream cache-miss
104 silly fetch manifest once@^1.3.1
105 silly packumentCache full:https://registry.npmjs.org/once cache-miss
106 silly fetch manifest ini@~1.3.0
107 silly packumentCache full:https://registry.npmjs.org/ini cache-miss
108 silly fetch manifest deep-extend@^0.6.0
109 silly packumentCache full:https://registry.npmjs.org/deep-extend cache-miss
110 silly fetch manifest strip-json-comments@~2.0.1
111 silly packumentCache full:https://registry.npmjs.org/strip-json-comments cache-miss
112 silly fetch manifest decompress-response@^6.0.0
113 silly packumentCache full:https://registry.npmjs.org/decompress-response cache-miss
114 silly fetch manifest once@^1.3.1
115 silly packumentCache full:https://registry.npmjs.org/once cache-miss
116 silly fetch manifest simple-concat@^1.0.0
117 silly packumentCache full:https://registry.npmjs.org/simple-concat cache-miss
118 silly fetch manifest chownr@^1.1.1
119 silly packumentCache full:https://registry.npmjs.org/chownr cache-miss
120 silly fetch manifest tar-stream@^2.1.4
121 silly packumentCache full:https://registry.npmjs.org/tar-stream cache-miss
122 http fetch GET 200 https://registry.npmjs.org/semver 142ms (cache miss)
123 silly packumentCache full:https://registry.npmjs.org/semver set size:undefined disposed:false
124 silly fetch manifest safe-buffer@^5.0.1
125 silly packumentCache full:https://registry.npmjs.org/safe-buffer cache-miss
126 http fetch GET 200 https://registry.npmjs.org/ini 192ms (cache miss)
127 silly packumentCache full:https://registry.npmjs.org/ini set size:undefined disposed:false
128 http fetch GET 200 https://registry.npmjs.org/end-of-stream 235ms (cache miss)
129 silly packumentCache full:https://registry.npmjs.org/end-of-stream set size:undefined disposed:false
130 http fetch GET 200 https://registry.npmjs.org/deep-extend 258ms (cache miss)
131 silly packumentCache full:https://registry.npmjs.org/deep-extend set size:undefined disposed:false
132 http fetch GET 200 https://registry.npmjs.org/once 277ms (cache miss)
133 silly packumentCache full:https://registry.npmjs.org/once set size:undefined disposed:false
134 http fetch GET 200 https://registry.npmjs.org/once 277ms (cache miss)
135 silly packumentCache full:https://registry.npmjs.org/once set size:undefined disposed:false
136 http fetch GET 200 https://registry.npmjs.org/chownr 278ms (cache miss)
137 silly packumentCache full:https://registry.npmjs.org/chownr set size:undefined disposed:false
138 http fetch GET 200 https://registry.npmjs.org/safe-buffer 181ms (cache miss)
139 silly packumentCache full:https://registry.npmjs.org/safe-buffer set size:undefined disposed:false
140 http fetch GET 200 https://registry.npmjs.org/decompress-response 356ms (cache miss)
141 silly packumentCache full:https://registry.npmjs.org/decompress-response set size:undefined disposed:false
142 http fetch GET https://registry.npmjs.org/strip-json-comments attempt 1 failed with FETCH_ERROR
143 http fetch GET https://registry.npmjs.org/simple-concat attempt 1 failed with FETCH_ERROR
144 http fetch GET https://registry.npmjs.org/tar-stream attempt 1 failed with FETCH_ERROR
145 http fetch GET https://registry.npmjs.org/strip-json-comments attempt 2 failed with ENOTFOUND
146 http fetch GET https://registry.npmjs.org/simple-concat attempt 2 failed with ENOTFOUND
147 http fetch GET https://registry.npmjs.org/tar-stream attempt 2 failed with ENOTFOUND
148 http fetch GET https://registry.npmjs.org/strip-json-comments attempt 3 failed with ENOTFOUND
149 http fetch GET https://registry.npmjs.org/simple-concat attempt 3 failed with ENOTFOUND
150 http fetch GET https://registry.npmjs.org/tar-stream attempt 3 failed with ENOTFOUND
151 silly placeDep node_modules/node-abi semver@7.8.5 OK for: node-abi@3.92.0 want: ^7.3.5
152 silly placeDep ROOT end-of-stream@1.4.5 OK for: pump@3.0.4 want: ^1.1.0
153 silly placeDep ROOT once@1.4.0 OK for: pump@3.0.4 want: ^1.3.1
154 silly fetch manifest once@^1.4.0
155 silly packumentCache full:https://registry.npmjs.org/once cache-miss
156 silly fetch manifest wrappy@1
157 silly packumentCache full:https://registry.npmjs.org/wrappy cache-miss
158 http fetch GET https://registry.npmjs.org/wrappy attempt 1 failed with ENOTFOUND
159 http fetch GET https://registry.npmjs.org/once attempt 1 failed with ENOTFOUND
160 http fetch GET https://registry.npmjs.org/wrappy attempt 2 failed with ENOTFOUND
161 http fetch GET https://registry.npmjs.org/once attempt 2 failed with ENOTFOUND
